[www.travocrm.com/index.html]
[backblue.gif]
[fade.gif]
[index.html]
[cdn.gumlet.com/gumlet.js/2.1/gumlet.min.js]
[www.travocrm.com/assets/img/fav/fav.png]
[www.travocrm.com/dependencies/bootstrap/css/bootstrap.min.css]
[www.travocrm.com/dependencies/fontawesome/css/all.min.css]
[www.travocrm.com/dependencies/swiper/css/swiper.min.css]
[www.travocrm.com/dependencies/wow/css/animate.css]
[www.travocrm.com/dependencies/magnific-popup/css/magnific-popup.css]
[www.travocrm.com/dependencies/components-elegant-icons/css/elegant-icons.min.css]
[www.travocrm.com/dependencies/simple-line-icons/css/simple-line-icons.css]
[www.travocrm.com/assets/css/app.css]
[www.travocrm.com/css/select2.min.css]
[code.jquery.com/ui/1.12.1/themes/smoothness/jquery-ui.css]
[code.jquery.com/jquery-3.6.0.js]
[jqueryui.com/resources/demos/style.css]
[code.jquery.com/ui/1.12.1/jquery-ui.js]
[jqueryui.com/resources/demos/autocomplete/images/ui-anim_basic_16x16.gif]
[www.travocrm.com/assets/img/logo.png]
[www.travocrm.com/pricing.html]
[www.travocrm.com/solutions/travocrm.html]
[www.travocrm.com/clients.html]
[www.travocrm.com/contactus.html]
[www.travocrm.com/calendy.html]
[maxcdn.bootstrapcdn.com/font-awesome/4.5.0/css/font-awesome.min.css]
[www.travocrm.com/media/feature/31.png]
[www.travocrm.com/media/feature/35.png]
[www.travocrm.com/media/feature/36.png]
[www.travocrm.com/media/feature/37.png]
[www.travocrm.com/media/feature/38.png]
[www.travocrm.com/media/about/3.jpg]
[www.travocrm.com/media/about/dot.png]
[www.travocrm.com/media/tabs/1.png]
[www.travocrm.com/media/tabs/2.png]
[www.travocrm.com/media/tabs/3.png]
[www.travocrm.com/media/feature/14.png]
[www.travocrm.com/media/feature/15.png]
[www.travocrm.com/media/feature/16.png]
[www.travocrm.com/media/feature/17.png]
[www.travocrm.com/media/feature/18.png]
[www.travocrm.com/media/feature/19.png]
[www.travocrm.com/media/background/circle11.png]
[www.travocrm.com/media/feature/marketing2.png]
[www.travocrm.com/media/download/1.png]
[www.travocrm.com/media/download/2.png]
[www.travocrm.com/media/background/dot.png]
[www.travocrm.com/termsandconditions.html]
[www.travocrm.com/privacypolicy.html]
[www.travocrm.com/about.html]
[www.travocrm.com/media/footer/marketing_footer1.png]
[www.travocrm.com/dependencies/bootstrap/js/bootstrap.min.js]
[www.travocrm.com/dependencies/swiper/js/swiper.min.js]
[www.travocrm.com/dependencies/jquery.appear/jquery.appear.js]
[www.travocrm.com/dependencies/wow/js/wow.min.js]
[www.travocrm.com/dependencies/countUp.js/countUp.min.js]
[www.travocrm.com/dependencies/isotope-layout/isotope.pkgd.min.js]
[www.travocrm.com/dependencies/imagesloaded/imagesloaded.pkgd.min.js]
[www.travocrm.com/dependencies/jquery.parallax-scroll/js/jquery.parallax-scroll.js]
[www.travocrm.com/dependencies/magnific-popup/js/jquery.magnific-popup.min.js]
[www.travocrm.com/dependencies/gmap3/js/gmap3.min.js]
[www.travocrm.com/assets/js/header.js]
[www.travocrm.com/assets/js/app.js]
[www.travocrm.com/index.html]
[www.travocrm.com/assets/img/fav/safari-pinned-tab.svg]
[www.travocrm.com/dependencies/bootstrap/css/bootstrap.min.css]
[www.travocrm.com/js/select2.min.js]
[www.travocrm.com/dependencies/fontawesome/webfonts/fa-brands-400.eot]
[www.travocrm.com/dependencies/fontawesome/webfonts/fa-brands-400d41d.eot]
[www.travocrm.com/dependencies/fontawesome/webfonts/fa-brands-400.woff2]
[www.travocrm.com/dependencies/fontawesome/webfonts/fa-brands-400.woff]
[www.travocrm.com/dependencies/fontawesome/webfonts/fa-brands-400.ttf]
[www.travocrm.com/dependencies/fontawesome/webfonts/fa-regular-400.eot]
[www.travocrm.com/dependencies/fontawesome/webfonts/fa-regular-400d41d.eot]
[www.travocrm.com/dependencies/fontawesome/webfonts/fa-regular-400.woff2]
[www.travocrm.com/dependencies/fontawesome/webfonts/fa-regular-400.woff]
[www.travocrm.com/dependencies/fontawesome/webfonts/fa-regular-400.ttf]
[www.travocrm.com/dependencies/fontawesome/webfonts/fa-solid-900.eot]
[www.travocrm.com/dependencies/fontawesome/webfonts/fa-solid-900d41d.eot]
[www.travocrm.com/dependencies/fontawesome/webfonts/fa-solid-900.woff2]
[www.travocrm.com/dependencies/fontawesome/webfonts/fa-solid-900.woff]
[www.travocrm.com/dependencies/fontawesome/webfonts/fa-solid-900.ttf]
[www.travocrm.com/dependencies/fontawesome/css/all.min.css]
[www.travocrm.com/dependencies/swiper/css/swiper.min.css]
[www.travocrm.com/dependencies/wow/css/animate.css]
[www.travocrm.com/dependencies/magnific-popup/css/magnific-popup.css]
[www.travocrm.com/dependencies/components-elegant-icons/fonts/ElegantIcons746c.eot]
[www.travocrm.com/dependencies/components-elegant-icons/fonts/ElegantIconsd41d.eot]
[www.travocrm.com/dependencies/components-elegant-icons/fonts/ElegantIcons746c.woff]
[www.travocrm.com/dependencies/components-elegant-icons/fonts/ElegantIcons746c.ttf]
[www.travocrm.com/dependencies/components-elegant-icons/css/elegant-icons.min.css]
[www.travocrm.com/dependencies/simple-line-icons/fonts/Simple-Line-Iconsb26c.eot]
[www.travocrm.com/dependencies/simple-line-icons/fonts/Simple-Line-Iconsb26c.woff2]
[www.travocrm.com/dependencies/simple-line-icons/fonts/Simple-Line-Iconsb26c.ttf]
[www.travocrm.com/dependencies/simple-line-icons/fonts/Simple-Line-Iconsb26c.woff]
[www.travocrm.com/dependencies/simple-line-icons/css/simple-line-icons.css]
[www.travocrm.com/assets/fonts/Flaticond41d.eot]
[www.travocrm.com/assets/fonts/Flaticon.woff]
[www.travocrm.com/assets/fonts/Flaticon.ttf]
[www.travocrm.com/media/banner/banner_travel.png]
[www.travocrm.com/media/blog/quote2.png]
[www.travocrm.com/assets/css/app.css]
[www.travocrm.com/css/select2.min.css]
[code.jquery.com/ui/1.12.1/themes/smoothness/images/ui-bg_highlight-soft_75_cccccc_1x100.png]
[code.jquery.com/ui/1.12.1/themes/smoothness/images/ui-bg_glass_75_e6e6e6_1x400.png]
[code.jquery.com/ui/1.12.1/themes/smoothness/images/ui-bg_glass_75_dadada_1x400.png]
[code.jquery.com/ui/1.12.1/themes/smoothness/images/ui-bg_glass_65_ffffff_1x400.png]
[code.jquery.com/ui/1.12.1/themes/smoothness/images/ui-bg_glass_55_fbf9ee_1x400.png]
[code.jquery.com/ui/1.12.1/themes/smoothness/images/ui-bg_glass_95_fef1ec_1x400.png]
[code.jquery.com/ui/1.12.1/themes/smoothness/images/ui-icons_222222_256x240.png]
[code.jquery.com/ui/1.12.1/themes/smoothness/images/ui-icons_454545_256x240.png]
[code.jquery.com/ui/1.12.1/themes/smoothness/images/ui-icons_2e83ff_256x240.png]
[code.jquery.com/ui/1.12.1/themes/smoothness/images/ui-icons_cd0a0a_256x240.png]
[code.jquery.com/ui/1.12.1/themes/smoothness/images/ui-icons_888888_256x240.png]
[code.jquery.com/ui/1.12.1/themes/smoothness/jquery-ui.css]
[jqueryui.com/resources/demos/style.css]
[www.travocrm.com/media/animated/pricebanner.png]
[d3ml3b6vywsj0z.cloudfront.net/website/v2/animation_data/pricing_enterprise/images/img_2.png]
[d3ml3b6vywsj0z.cloudfront.net/website/v2/animation_data/pricing_enterprise/images/img_1.png]
[d3ml3b6vywsj0z.cloudfront.net/website/v2/animation_data/pricing_enterprise/images/img_0.png]
[www.travocrm.com/pricing.html]
[www.travocrm.com/media/banner/banner-five/travbanner.png]
[www.travocrm.com/media/feature/4.png]
[www.travocrm.com/media/feature/41.png]
[www.travocrm.com/media/background/shape_bg.png]
[www.travocrm.com/media/feature/5.png]
[www.travocrm.com/media/feature/51.png]
[www.travocrm.com/media/background/shape.png]
[www.travocrm.com/media/about/dot2.png]
[www.travocrm.com/solutions/travocrm.html]
[www.travocrm.com/media/animated/clientban.png]
[app.travocrm.com/profile/company_details_logo/1560430312.png]
[app.travocrm.com/profile/company_details_logo/16591889790.jpg]
[app.travocrm.com/profile/company_details_logo/16135542320.jpg]
[app.travocrm.com/profile/company_details_logo/1548845298.jpg]
[app.travocrm.com/profile/company_details_logo/16322252680.png]
[app.travocrm.com/profile/company_details_logo/16540682190.png]
[app.travocrm.com/profile/company_details_logo/1528872206.jpg]
[app.travocrm.com/profile/company_details_logo/1554370168.jpg]
[app.travocrm.com/profile/company_details_logo/1552573812.jpg]
[app.travocrm.com/profile/company_details_logo/16347176220.jpg]
[app.travocrm.com/profile/company_details_logo/16358510560.png]
[app.travocrm.com/profile/company_details_logo/1591339604.png]
[app.travocrm.com/profile/company_details_logo/1545044462.jpg]
[app.travocrm.com/profile/company_details_logo/16467162160.png]
[app.travocrm.com/profile/company_details_logo/1554813413.jpg]
[app.travocrm.com/profile/company_details_logo/16479626910.png]
[app.travocrm.com/profile/company_details_logo/16299747170.png]
[app.travocrm.com/profile/company_details_logo/1580386045.png]
[app.travocrm.com/profile/company_details_logo/16426814320.png]
[app.travocrm.com/profile/company_details_logo/1550668987.png]
[app.travocrm.com/profile/company_details_logo/1523113032.jpg]
[app.travocrm.com/profile/company_details_logo/1518782856.jpg]
[app.travocrm.com/profile/company_details_logo/16132075610.jpg]
[app.travocrm.com/profile/company_details_logo/16403440130.png]
[app.travocrm.com/profile/company_details_logo/16414684490.jpg]
[app.travocrm.com/profile/company_details_logo/1581906533.jpg]
[app.travocrm.com/profile/company_details_logo/1585654503.png]
[app.travocrm.com/profile/company_details_logo/1571227003.jpg]
[app.travocrm.com/profile/company_details_logo/16318021380.jpg]
[app.travocrm.com/profile/company_details_logo/1538056322.jpg]
[app.travocrm.com/profile/company_details_logo/1546610382.png]
[app.travocrm.com/profile/company_details_logo/1532271125.png]
[app.travocrm.com/profile/company_details_logo/1566027167.png]
[app.travocrm.com/profile/company_details_logo/1528453864.jpg]
[app.travocrm.com/profile/company_details_logo/16468930410.png]
[app.travocrm.com/profile/company_details_logo/1581147152.png]
[app.travocrm.com/profile/company_details_logo/1550235033.png]
[app.travocrm.com/profile/company_details_logo/16616058560.jpg]
[app.travocrm.com/profile/company_details_logo/16365496500.png]
[app.travocrm.com/profile/company_details_logo/16160492750.png]
[app.travocrm.com/profile/company_details_logo/16121836490.png]
[app.travocrm.com/profile/company_details_logo/1560253013.jpg]
[app.travocrm.com/profile/company_details_logo/16468263640.jpg]
[app.travocrm.com/profile/company_details_logo/16468993270.png]
[app.travocrm.com/profile/company_details_logo/1568629685.jpg]
[app.travocrm.com/profile/company_details_logo/1530786494.png]
[app.travocrm.com/profile/company_details_logo/1571815577.png]
[app.travocrm.com/profile/company_details_logo/16689378770.jpg]
[app.travocrm.com/profile/company_details_logo/1578379003.jpg]
[app.travocrm.com/profile/company_details_logo/16606367480.png]
[app.travocrm.com/profile/company_details_logo/1580223320.jpg]
[app.travocrm.com/profile/company_details_logo/1575114229.png]
[app.travocrm.com/profile/company_details_logo/16433580850.png]
[app.travocrm.com/profile/company_details_logo/1560158651.png]
[app.travocrm.com/profile/company_details_logo/16608156140.png]
[app.travocrm.com/profile/company_details_logo/16140839250.png]
[app.travocrm.com/profile/company_details_logo/1532158029.jpg]
[app.travocrm.com/profile/company_details_logo/16490766720.jpg]
[app.travocrm.com/profile/company_details_logo/1527157330.png]
[app.travocrm.com/profile/company_details_logo/1557493724.jpg]
[app.travocrm.com/profile/company_details_logo/1602059120.png]
[app.travocrm.com/profile/company_details_logo/16627371650.png]
[app.travocrm.com/profile/company_details_logo/16537480410.jpg]
[app.travocrm.com/profile/company_details_logo/1514465131.png]
[app.travocrm.com/profile/company_details_logo/1583071944.png]
[app.travocrm.com/profile/company_details_logo/1543565788.png]
[app.travocrm.com/profile/company_details_logo/16104390800.jpg]
[app.travocrm.com/profile/company_details_logo/16689672030.png]
[app.travocrm.com/profile/company_details_logo/16494026210.png]
[app.travocrm.com/profile/company_details_logo/16443940630.png]
[app.travocrm.com/profile/company_details_logo/1584009674.jpg]
[app.travocrm.com/profile/company_details_logo/1553757682.png]
[app.travocrm.com/profile/company_details_logo/16168248570.png]
[app.travocrm.com/profile/company_details_logo/16437226500.jpg]
[app.travocrm.com/profile/company_details_logo/16234983940.jpg]
[app.travocrm.com/profile/company_details_logo/1557494986.jpg]
[app.travocrm.com/profile/company_details_logo/16558117770.png]
[app.travocrm.com/profile/company_details_logo/16172673820.png]
[app.travocrm.com/profile/company_details_logo/1606833312.png]
[app.travocrm.com/profile/company_details_logo/1579006969.png]
[app.travocrm.com/profile/company_details_logo/1578747689.jpg]
[app.travocrm.com/profile/company_details_logo/1549021969.png]
[app.travocrm.com/profile/company_details_logo/16476816000.jpg]
[app.travocrm.com/profile/company_details_logo/16119982860.jpg]
[app.travocrm.com/profile/company_details_logo/1519022535.jpg]
[app.travocrm.com/profile/company_details_logo/16401596950.jpg]
[app.travocrm.com/profile/company_details_logo/1563693129.jpg]
[app.travocrm.com/profile/company_details_logo/16710971780.png]
[app.travocrm.com/profile/company_details_logo/1530176201.jpg]
[app.travocrm.com/profile/company_details_logo/16440638230.jpg]
[app.travocrm.com/profile/company_details_logo/16541655210.png]
[app.travocrm.com/profile/company_details_logo/1581251271.jpg]
[app.travocrm.com/profile/company_details_logo/16401657940.png]
[app.travocrm.com/profile/company_details_logo/16540915310.png]
[app.travocrm.com/profile/company_details_logo/16603142410.jpg]
[app.travocrm.com/profile/company_details_logo/16615818310.png]
[app.travocrm.com/profile/company_details_logo/1594293993.png]
[app.travocrm.com/profile/company_details_logo/1603092541.jpg]
[app.travocrm.com/profile/company_details_logo/16667091850.jpg]
[app.travocrm.com/profile/company_details_logo/1581415898.png]
[app.travocrm.com/profile/company_details_logo/16351436110.jpg]
[app.travocrm.com/profile/company_details_logo/1546854549.png]
[app.travocrm.com/profile/company_details_logo/1582194484.jpg]
[app.travocrm.com/profile/company_details_logo/1583500909.jpg]
[app.travocrm.com/profile/company_details_logo/1571661142.png]
[app.travocrm.com/profile/company_details_logo/1517217612.jpg]
[app.travocrm.com/profile/company_details_logo/1578307286.jpg]
[app.travocrm.com/profile/company_details_logo/16151999310.png]
[app.travocrm.com/profile/company_details_logo/1593756059.png]
[app.travocrm.com/profile/company_details_logo/16457715110.jpg]
[app.travocrm.com/profile/company_details_logo/16458785470.jpg]
[app.travocrm.com/profile/company_details_logo/1581931602.png]
[app.travocrm.com/profile/company_details_logo/1536939019.jpg]
[app.travocrm.com/profile/company_details_logo/1547551707.jpg]
[app.travocrm.com/profile/company_details_logo/16340616660.jpg]
[app.travocrm.com/profile/company_details_logo/1582999389.png]
[app.travocrm.com/profile/company_details_logo/1578840219.png]
[app.travocrm.com/profile/company_details_logo/1556783247.png]
[app.travocrm.com/profile/company_details_logo/16104333380.jpg]
[app.travocrm.com/profile/company_details_logo/1573818247.jpg]
[app.travocrm.com/profile/company_details_logo/16159640560.jpg]
[app.travocrm.com/profile/company_details_logo/16642633310.png]
[app.travocrm.com/profile/company_details_logo/16106190100.png]
[app.travocrm.com/profile/company_details_logo/1530344960.png]
[app.travocrm.com/profile/company_details_logo/16740568990.png]
[app.travocrm.com/profile/company_details_logo/1550746900.png]
[app.travocrm.com/profile/company_details_logo/16355781910.png]
[app.travocrm.com/profile/company_details_logo/16147686360.png]
[app.travocrm.com/profile/company_details_logo/16509701710.png]
[app.travocrm.com/profile/company_details_logo/16626362000.png]
[app.travocrm.com/profile/company_details_logo/16678936050.png]
[app.travocrm.com/profile/company_details_logo/16540661650.png]
[app.travocrm.com/profile/company_details_logo/1533287225.jpg]
[app.travocrm.com/profile/company_details_logo/16492490450.png]
[app.travocrm.com/profile/company_details_logo/16317964040.png]
[app.travocrm.com/profile/company_details_logo/16165780190.png]
[app.travocrm.com/profile/company_details_logo/16115711060.png]
[app.travocrm.com/profile/company_details_logo/16595973930.jpg]
[app.travocrm.com/profile/company_details_logo/16448409660.jpg]
[app.travocrm.com/profile/company_details_logo/16687587540.png]
[app.travocrm.com/profile/company_details_logo/1571742573.jpg]
[app.travocrm.com/profile/company_details_logo/1555655887.png]
[app.travocrm.com/profile/company_details_logo/16482825810.png]
[app.travocrm.com/profile/company_details_logo/1582031288.jpg]
[app.travocrm.com/profile/company_details_logo/16500069130.png]
[app.travocrm.com/profile/company_details_logo/16340397860.png]
[app.travocrm.com/profile/company_details_logo/16374135430.png]
[app.travocrm.com/profile/company_details_logo/16491399940.png]
[app.travocrm.com/profile/company_details_logo/16156282000.jpg]
[app.travocrm.com/profile/company_details_logo/16625341120.jpg]
[app.travocrm.com/profile/company_details_logo/1563517122.png]
[app.travocrm.com/profile/company_details_logo/1557044494.png]
[app.travocrm.com/profile/company_details_logo/1580121401.png]
[app.travocrm.com/profile/company_details_logo/1564032775.jpg]
[app.travocrm.com/profile/company_details_logo/1532771381.jpg]
[app.travocrm.com/profile/company_details_logo/16286103670.jpg]
[app.travocrm.com/profile/company_details_logo/16240072220.png]
[app.travocrm.com/profile/company_details_logo/1554880666.png]
[app.travocrm.com/profile/company_details_logo/16115900750.jpg]
[app.travocrm.com/profile/company_details_logo/1602697325.png]
[app.travocrm.com/profile/company_details_logo/16512326740.png]
[app.travocrm.com/profile/company_details_logo/16183101630.png]
[app.travocrm.com/profile/company_details_logo/1549541793.jpg]
[app.travocrm.com/profile/company_details_logo/1548080209.png]
[app.travocrm.com/profile/company_details_logo/1567496171.jpg]
[app.travocrm.com/profile/company_details_logo/1602824137.jpg]
[app.travocrm.com/profile/company_details_logo/16371318500.png]
[app.travocrm.com/profile/company_details_logo/1548914248.png]
[app.travocrm.com/profile/company_details_logo/1522236810.jpg]
[app.travocrm.com/profile/company_details_logo/16313774240.png]
[app.travocrm.com/profile/company_details_logo/16333385570.jpg]
[app.travocrm.com/profile/company_details_logo/16497659220.jpg]
[app.travocrm.com/profile/company_details_logo/1566296222.png]
[app.travocrm.com/profile/company_details_logo/16572617770.png]
[app.travocrm.com/profile/company_details_logo/16493374230.jpg]
[app.travocrm.com/profile/company_details_logo/1574080323.png]
[app.travocrm.com/profile/company_details_logo/16090675880.png]
[app.travocrm.com/profile/company_details_logo/16089891440.jpg]
[app.travocrm.com/profile/company_details_logo/1556178663.jpg]
[app.travocrm.com/profile/company_details_logo/1539762275.jpg]
[app.travocrm.com/profile/company_details_logo/16233970960.png]
[app.travocrm.com/profile/company_details_logo/1542701862.jpg]
[app.travocrm.com/profile/company_details_logo/16331978220.png]
[app.travocrm.com/profile/company_details_logo/16580396530.jpg]
[app.travocrm.com/profile/company_details_logo/1565700182.png]
[app.travocrm.com/profile/company_details_logo/16727451230.jpg]
[app.travocrm.com/profile/company_details_logo/16465735290.png]
[app.travocrm.com/profile/company_details_logo/1543572918.jpg]
[app.travocrm.com/profile/company_details_logo/16308440600.png]
[app.travocrm.com/profile/company_details_logo/16418962840.png]
[app.travocrm.com/profile/company_details_logo/16656612330.png]
[app.travocrm.com/profile/company_details_logo/16579463170.jpg]
[app.travocrm.com/profile/company_details_logo/16372216240.jpg]
[app.travocrm.com/profile/company_details_logo/16621321470.png]
[app.travocrm.com/profile/company_details_logo/1599567990.jpg]
[app.travocrm.com/profile/company_details_logo/1536146052.jpg]
[app.travocrm.com/profile/company_details_logo/1547057232.png]
[app.travocrm.com/profile/company_details_logo/1578732036.jpg]
[app.travocrm.com/profile/company_details_logo/16377417200.jpg]
[app.travocrm.com/profile/company_details_logo/1566298169.jpg]
[app.travocrm.com/profile/company_details_logo/16742332860.png]
[app.travocrm.com/profile/company_details_logo/16092131950.jpg]
[app.travocrm.com/profile/company_details_logo/16463877740.jpg]
[app.travocrm.com/profile/company_details_logo/16724830700.png]
[app.travocrm.com/profile/company_details_logo/1584099345.jpg]
[app.travocrm.com/profile/company_details_logo/16510636620.png]
[app.travocrm.com/profile/company_details_logo/1583574139.png]
[app.travocrm.com/profile/company_details_logo/1535459884.jpg]
[app.travocrm.com/profile/company_details_logo/1607682827.png]
[app.travocrm.com/profile/company_details_logo/1569662684.jpg]
[app.travocrm.com/profile/company_details_logo/1568351219.jpg]
[app.travocrm.com/profile/company_details_logo/16510495470.png]
[app.travocrm.com/profile/company_details_logo/16662679230.png]
[app.travocrm.com/profile/company_details_logo/1550914107.png]
[app.travocrm.com/profile/company_details_logo/16663566630.jpg]
[app.travocrm.com/profile/company_details_logo/1538727227.png]
[app.travocrm.com/profile/company_details_logo/1516023106.png]
[app.travocrm.com/profile/company_details_logo/16346533710.png]
[app.travocrm.com/profile/company_details_logo/16361901030.jpg]
[app.travocrm.com/profile/company_details_logo/16425715750.jpg]
[app.travocrm.com/profile/company_details_logo/1532521476.png]
[app.travocrm.com/profile/company_details_logo/1581499282.png]
[app.travocrm.com/profile/company_details_logo/16364643280.jpg]
[app.travocrm.com/profile/company_details_logo/1544439174.jpg]
[app.travocrm.com/profile/company_details_logo/16458767200.jpg]
[app.travocrm.com/profile/company_details_logo/1606462918.png]
[app.travocrm.com/profile/company_details_logo/1583415344.png]
[app.travocrm.com/profile/company_details_logo/1547883826.jpg]
[app.travocrm.com/profile/company_details_logo/16297237100.png]
[app.travocrm.com/profile/company_details_logo/1603721527.jpg]
[app.travocrm.com/profile/company_details_logo/16569394070.jpg]
[app.travocrm.com/profile/company_details_logo/16585777700.jpg]
[app.travocrm.com/profile/company_details_logo/1526321598.png]
[app.travocrm.com/profile/company_details_logo/16717939960.jpg]
[app.travocrm.com/profile/company_details_logo/16174321740.png]
[app.travocrm.com/profile/company_details_logo/16458663730.png]
[app.travocrm.com/profile/company_details_logo/16444749850.png]
[app.travocrm.com/profile/company_details_logo/16518452020.jpg]
[app.travocrm.com/profile/company_details_logo/1563954608.png]
[app.travocrm.com/profile/company_details_logo/16115770790.png]
[app.travocrm.com/profile/company_details_logo/16742995270.png]
[app.travocrm.com/profile/company_details_logo/1567846159.png]
[app.travocrm.com/profile/company_details_logo/16429535740.png]
[app.travocrm.com/profile/company_details_logo/16493146170.png]
[app.travocrm.com/profile/company_details_logo/16357731250.png]
[app.travocrm.com/profile/company_details_logo/1581337498.png]
[app.travocrm.com/profile/company_details_logo/16496667080.jpg]
[app.travocrm.com/profile/company_details_logo/1550478627.png]
[app.travocrm.com/profile/company_details_logo/16372192300.jpg]
[app.travocrm.com/profile/company_details_logo/16162294950.jpg]
[app.travocrm.com/profile/company_details_logo/16115673240.png]
[app.travocrm.com/profile/company_details_logo/16425290850.png]
[app.travocrm.com/profile/company_details_logo/1556870331.png]
[app.travocrm.com/profile/company_details_logo/1585987845.png]
[app.travocrm.com/profile/company_details_logo/16276338820.jpg]
[app.travocrm.com/profile/company_details_logo/16738586010.png]
[app.travocrm.com/profile/company_details_logo/1529169509.png]
[app.travocrm.com/profile/company_details_logo/16439605880.png]
[app.travocrm.com/profile/company_details_logo/16508720970.jpg]
[app.travocrm.com/profile/company_details_logo/16145757940.png]
[app.travocrm.com/profile/company_details_logo/16231362030.jpg]
[app.travocrm.com/profile/company_details_logo/1550237807.png]
[app.travocrm.com/profile/company_details_logo/16509766380.jpg]
[app.travocrm.com/profile/company_details_logo/1574525175.jpg]
[app.travocrm.com/profile/company_details_logo/1607417626.png]
[app.travocrm.com/profile/company_details_logo/1576305485.jpg]
[app.travocrm.com/profile/company_details_logo/16419906420.png]
[app.travocrm.com/profile/company_details_logo/16533932460.jpg]
[app.travocrm.com/profile/company_details_logo/1582188642.png]
[app.travocrm.com/profile/company_details_logo/16334348250.png]
[app.travocrm.com/profile/company_details_logo/16448424550.png]
[app.travocrm.com/profile/company_details_logo/1583311495.jpg]
[app.travocrm.com/profile/company_details_logo/16089776430.jpg]
[app.travocrm.com/profile/company_details_logo/1541139424.jpg]
[app.travocrm.com/profile/company_details_logo/1526715951.jpg]
[app.travocrm.com/profile/company_details_logo/16540954620.jpg]
[app.travocrm.com/profile/company_details_logo/1550137999.png]
[app.travocrm.com/profile/company_details_logo/16424935390.jpg]
[app.travocrm.com/profile/company_details_logo/1575867919.png]
[app.travocrm.com/profile/company_details_logo/16721257350.jpg]
[app.travocrm.com/profile/company_details_logo/16317256390.jpg]
[app.travocrm.com/profile/company_details_logo/16468260270.jpg]
[app.travocrm.com/profile/company_details_logo/16330857950.png]
[app.travocrm.com/profile/company_details_logo/1602847090.png]
[app.travocrm.com/profile/company_details_logo/1586501909.jpg]
[app.travocrm.com/profile/company_details_logo/16658159400.png]
[app.travocrm.com/profile/company_details_logo/1514811316.png]
[app.travocrm.com/profile/company_details_logo/16293865300.jpg]
[app.travocrm.com/profile/company_details_logo/16316043930.jpg]
[app.travocrm.com/profile/company_details_logo/1553072956.png]
[app.travocrm.com/profile/company_details_logo/16349013270.jpg]
[app.travocrm.com/profile/company_details_logo/16510564040.jpg]
[app.travocrm.com/profile/company_details_logo/16406778450.jpg]
[app.travocrm.com/profile/company_details_logo/16389486340.png]
[app.travocrm.com/profile/company_details_logo/16728433590.png]
[app.travocrm.com/profile/company_details_logo/1554810879.png]
[app.travocrm.com/profile/company_details_logo/16310992200.jpg]
[app.travocrm.com/profile/company_details_logo/1549523822.jpg]
[app.travocrm.com/profile/company_details_logo/16304732510.png]
[app.travocrm.com/profile/company_details_logo/16490506730.png]
[app.travocrm.com/profile/company_details_logo/1564034277.png]
[www.travocrm.com/clients.html]
[www.travocrm.com/media/animated/contban.png]
[www.travocrm.com/contactus.html]
[maxcdn.bootstrapcdn.com/bootstrap/3.3.7/css/bootstrap.min.css]
[maxcdn.bootstrapcdn.com/font-awesome/4.1.0/css/font-awesome.min.css]
[www.travocrm.com/calendy.html]
[maxcdn.bootstrapcdn.com/font-awesome/4.5.0/css/font-awesome.min.css]
[www.travocrm.com/media/background/marketing_bg.html]
[travocrm.com/profile/company_details_logo/16304732510.html]
[travocrm.com/profile/company_details_logo/16493374230.html]
[travocrm.com/profile/company_details_logo/16687587540.html]
[travocrm.com/profile/company_details_logo/16168248570.html]
[travocrm.com/profile/company_details_logo/1573818247.html]
[travocrm.com/profile/company_details_logo/16492490450.html]
[travocrm.com/profile/company_details_logo/16608156140.html]
[travocrm.com/profile/company_details_logo/16406778450.html]
[travocrm.com/profile/company_details_logo/16689672030.html]
[travocrm.com/profile/company_details_logo/16468993270.html]
[travocrm.com/profile/company_details_logo/1546610382.html]
[travocrm.com/profile/company_details_logo/1583415344.html]
[travocrm.com/profile/company_details_logo/16347176220.html]
[travocrm.com/profile/company_details_logo/1563517122.html]
[travocrm.com/profile/company_details_logo/16286103670.html]
[travocrm.com/profile/company_details_logo/16458767200.html]
[travocrm.com/profile/company_details_logo/16540682190.html]
[travocrm.com/profile/company_details_logo/1547883826.html]
[travocrm.com/profile/company_details_logo/1550237807.html]
[www.travocrm.com/termsandconditions.html]
[www.travocrm.com/privacypolicy.html]
[assets.calendly.com/assets/external/widget.js]
[www.travocrm.com/media/about/g4.png]
[www.travocrm.com/media/about/g1.png]
[www.travocrm.com/media/about/g2.png]
[www.travocrm.com/about.html]
[www.travocrm.com/media/about/growth.png]
[www.travocrm.com/dependencies/fontawesome/webfonts/fa-brands-400.svg]
[www.travocrm.com/dependencies/fontawesome/webfonts/fa-regular-400.svg]
[www.travocrm.com/dependencies/fontawesome/webfonts/fa-solid-900.svg]
[www.travocrm.com/dependencies/components-elegant-icons/fonts/ElegantIcons746c.svg]
[www.travocrm.com/dependencies/simple-line-icons/fonts/Simple-Line-Iconsb26c.svg]
[www.travocrm.com/assets/css/Flaticon.html]
[www.travocrm.com/assets/fonts/Flaticon.svg]
[www.travocrm.com/media/background/call-to-action.html]
[maxcdn.bootstrapcdn.com/bootstrap/3.3.7/css/bootstrap.min.css]
[www.travocrm.com/travositefrontpage/css/style1.html]
[www.travocrm.com/travositefrontpage/css/style.html]
[maxcdn.bootstrapcdn.com/font-awesome/4.1.0/css/font-awesome.min.css]
